[www.zoomcar.com/bangalore/index.html]
[backblue.gif]
[fade.gif]
[index.html]
[www.zoomcar.com/build/img/favicon.d917d618529f3ffdf883e3b847e516df.png]
[www.zoomcar.com/build/app.b5f99cfa1fcb7ba6bf0f64e324069da6.css]
[www.zoomcar.com/build/vendor.63d51672afe516c8ab60.js]
[www.zoomcar.com/build/app.24de8fb02f7f4f7133cf.js]
[www.zoomcar.com/bangalore/search.html]
[www.zoomcar.com/bangalore/ak.m]
[www.zoomcar.com/bangalore/ak.t]
[www.zoomcar.com/build/img/intro_bg.59b15d84c75cf310e76cc40155b90dc6.jpg]
[www.zoomcar.com/build/img/supermilers_bg.ce8bf185500c5dd96a4c1034b89e6e0c.jpg]
[www.zoomcar.com/build/img/car_bg.9876fe054a2220e5a5cc8c5746991926.jpg]
[s3-ap-southeast-1.amazonaws.com/zoomcar/photos/profile/815c3aacf14c2fe62883e235a141dd0e3a1100d282d2.png]
[s3-ap-southeast-1.amazonaws.com/zoomcar/photos/profile/6b6cc7b58544ce9d560829f482fbd77916ce3ba200d3.png]
[s3-ap-southeast-1.amazonaws.com/zoomcar/photos/profile/a5e8d9ac4c93330f421e26662c30aff9903fe5e45916.png]
[s3-ap-southeast-1.amazonaws.com/zoomcar/photos/profile/4a73a61179b879999cc3cb22e5ad2707a8fa6a5c68b5.png]
[www.zoomcar.com/build/img/unlock.0dda8a38a08738d2384ec1230998423a.png]
[www.zoomcar.com/build/img/app_bg.daa074b25be54e8df493f629f6a10f61.jpg]
[www.zoomcar.com/build/img/testimonial_bg.499d1dd2876b931e9cf0509e3d1884f5.jpg]
[www.zoomcar.com/build/img/quotation.577e70bf4479f87726e9b62c3afe8be0.png]
[www.zoomcar.com/bangalore/index.html]
[www.zoomcar.com/bangalore/airport-taxi-service.html]
[www.zoomcar.com/build/img/play-store.82a3d4a21018a81138e2b3e12e6e19c2.svg]
[www.zoomcar.com/build/img/apple_store.cbda066c1940c0e1fefcd7be736a24f1.svg]
[www.zoomcar.com/build/img/logo-black.9c208791d55bfaea62d47b83808864f0.svg]
[www.zoomcar.com/build/img/amigo.c1664f245e6ed332c9539f34bfacc354.png]
[www.zoomcar.com/build/img/zms-logo.41d8120a7de991190abc45779aad5d82.png]
[www.zoomcar.com/build/img/google_play.238b318d8ac107d46226f4c40f3aae9b.png]
[www.zoomcar.com/build/img/apple_store.958abff9e074193ff35f2aa40e13cb98.png]
[www.zoomcar.com/build/img/press.3334bff95770ee5c4c662186f7f6c49f.png]
[www.zoomcar.com/build/img/ET-Brand-Equity.120c0a2cd6c7da8179d9f13db35b9e42.png]
[www.zoomcar.com/build/img/CNBC.a1adc56311cc01301a8efe1440baedb7.png]
[www.zoomcar.com/build/img/ET-Now.a6b70adda75bad5b0ca8f5d6ad58e472.png]
[www.zoomcar.com/build/img/The-Business-Line.9582c9ea4e5e6aecf56ef79523b2bd57.png]
[www.zoomcar.com/build/img/LiveMint.4c531c8198f15ebe7517db4444086199.png]
[www.zoomcar.com/build/img/your-story.ea3aaf58b49d9cf09413b57ac5b56dd4.png]
[www.zoomcar.com/build/app.b5f99cfa1fcb7ba6bf0f64e324069da6.css]
[www.zoomcar.com/build/img/tick.5610fe72cd845b7c90586247d1530a98.svg]
[www.zoomcar.com/assets/vendor.d3659e0e51d602c684fa.js]
[www.zoomcar.com/assets/search.05d587d8142e5f9b9f5c.js]
[www.zoomcar.com/assets/search.4be1f9cfab712d76c2074ae2622af47d.css]
[www.zoomcar.com/assets/web-search-input.73eb4ad5119697166bbe.js]
[www.zoomcar.com/bangalore/api.zoomcar.com]
[assets.zoomcar.com/assets/favicon-94c70086866938b66cbd6706cfb6e048.png]
[cdnjs.cloudflare.com/ajax/libs/jquery/2.1.4/jquery.min.js]
[www.zoomcar.com/bangalore/search.html]
[www.zoomcar.com/bangalore/ak.html]
[www.zoomcar.com/bangalore/ak-2.html]
[cdnjs.cloudflare.com/ajax/libs/fetch/2.0.3/fetch.min.js]
[css.zoomcar.com/assets/application-20f86f4769e69dd855a80c1fd1e4f7c3.css]
[www.zoomcar.com/assets/login_v2.2fd86a1b1c13a9849f5f.js]
[www.zoomcar.com/assets/vendor.981f6e25ee03b1e01a80b5947ca3a308.css]
[stats.g.doubleclick.net/dc.js]
[assets.zoomcar.com/assets/amigo-0745beb183aac4221b5820b48ec5a39b.png]
[assets.zoomcar.com/assets/zms-logo-cb47c8141ffed16dcbcf68268b767682.png]
[cdnjs.cloudflare.com/ajax/libs/twitter-bootstrap/3.1.1/js/bootstrap.min.js]
[www.zoomcar.com/bangalore/index0765.html]
[cdn.polyfill.io/v2/polyfill.mind82c.js]
[cdnjs.cloudflare.com/ajax/libs/moment.js/2.14.1/moment.min.js]
[cdnjs.cloudflare.com/ajax/libs/jquery.payment/3.0.0/jquery.payment.js]
[cdnjs.cloudflare.com/ajax/libs/select2/4.0.2/js/select2.min.js]
[cdnjs.cloudflare.com/ajax/libs/1000hz-bootstrap-validator/0.8.1/validator.min.js]
[cdnjs.cloudflare.com/ajax/libs/slick-carousel/1.5.9/slick.min.js]
[www.zoomcar.com/assets/application.2803ae994ad03033d795.js]
[www.zoomcar.com/assets/bootstrap_datetime.b9c278118c8129923b4c.js]
[www.zoomcar.com/bangalore/airport-taxi-service.html]
[www.zoomcar.com/build/img/play-store.82a3d4a21018a81138e2b3e12e6e19c2.svg]
[www.zoomcar.com/build/img/apple_store.cbda066c1940c0e1fefcd7be736a24f1.svg]
[www.zoomcar.com/build/img/logo-black.9c208791d55bfaea62d47b83808864f0.svg]
[www.zoomcar.com/build/img/tick.5610fe72cd845b7c90586247d1530a98.svg]
[www.zoomcar.com/assets/component-images/play-store.82a3d4a21018a81138e2b3e12e6e19c2.svg]
[www.zoomcar.com/assets/component-images/apple_store.cbda066c1940c0e1fefcd7be736a24f1.svg]
[www.zoomcar.com/assets/component-images/tick.5610fe72cd845b7c90586247d1530a98.svg]
[www.zoomcar.com/assets/component-images/illustration.c2112ead7ec73d2862bb7a4a53a5ba39.png]
[maps.gstatic.com/mapfiles/api-3/images/powered-by-google-on-white3.png]
[www.zoomcar.com/assets/search.4be1f9cfab712d76c2074ae2622af47d.css]
[www.zoomcar.com/bangalore/api.zoomcar.html]
[www.googletagmanager.com/gtm5445.html]
[assets.zoomcar.com/spinner.gif]
[assets.zoomcar.com/assets/bgscreen_loyalty-b478d5c2a5c90e25734626c8eaae8411.jpg]
[assets.zoomcar.com/assets/search_sprite-a171ce1daf9cf086396c0089bb85a69a.png]
[css.zoomcar.com/assets/application-20f86f4769e69dd855a80c1fd1e4f7c3.css]
[www.zoomcar.com/img/bg.html]
[www.zoomcar.com/assets/vendor.981f6e25ee03b1e01a80b5947ca3a308.css]
[www.zoomcar.com/bangalore/index0765.html]
[www.zoomcar.com/assets/component-images/play-store.82a3d4a21018a81138e2b3e12e6e19c2.svg]
[www.zoomcar.com/assets/component-images/apple_store.cbda066c1940c0e1fefcd7be736a24f1.svg]
[www.zoomcar.com/assets/component-images/tick.5610fe72cd845b7c90586247d1530a98.svg]
[assets.zoomcar.com/spinner.html]
[s3-ap-southeast-1.amazonaws.com/zoomcar/photos/profile/46c8981ab67fb24d18d18fc49abd84b534cd0d56389c.png]
[www.zoomcar.com/img/bg.html]
